Using GPU: cuda:0
=== Initializing CAD generation pipeline ===
1. Loading configuration...
   Using config file: BrepARG\config.json
2. Loading model configuration...
Successfully loaded and calculated model config for dataset type: abc
Vocab size: 10294
Special tokens: START=10290, SEP=10291, END=10292, PAD=10293
3. Loading autoregressive model...
Successfully loaded checkpoint: D:\luolin\V13\local_runs\breparg_long_ar_resume_best_20260724\ar_epoch127_best_to300\same_data_abc\abc_ar_vqvae_best_model.pt
Initialized ARModel with vocab_size=10294, d_model=256, layers=8, heads=8, max_seq_len=1536
Model weights loaded successfully
4. Loading SE VQ-VAE model...
Detected SE tokens per element: 4
Initialization complete
Warning: Edge 8 feature token count mismatch, expected 4, got 2
Warning: Expected source/target face index, but found token 8589 at position 174
Warning: Expected source/target face index, but found token 9752 at position 175
Warning: Expected source/target face index, but found token 10288 at position 176
Warning: Expected source/target face index, but found token 9242 at position 177
Warning: Expected source/target face index, but found token 8046 at position 178
Warning: Expected source/target face index, but found token 1448 at position 179
Warning: Expected source/target face index, but found token 6391 at position 180
Warning: Expected source/target face index, but found token 7442 at position 181
Edge bbox count (12) does not match NCS data count (11). Cannot continue.
Error during reconstruction: StdFail_NotDoneBRep_API: command not done raised from method Wire of class BRepBuilderAPI_MakeWire

*******************************************************************
******        Statistics on Transfer (Write)                 ******

*******************************************************************
******        Transfer Mode = 0  I.E.  As Is       ******
******        Transferring Shape, ShapeType = 2                      ******
** WorkSession : Sending all data
 Step File Name : C:\Users\YU\AppData\Local\Temp\brep_step_1785057266135779_39048.step(832 ents)  Write  Done
Warning: 1 face has been skipped due to null triangulation
Error during reconstruction: StdFail_NotDoneBRep_API: command not done raised from method Wire of class BRepBuilderAPI_MakeWire
Error during reconstruction: in method 'BRepBuilderAPI_MakeSolid_Add', argument 2 of type 'TopoDS_Shell const &'
Error during reconstruction: StdFail_NotDoneBRep_API: command not done raised from method Wire of class BRepBuilderAPI_MakeWire

*******************************************************************
******        Statistics on Transfer (Write)                 ******

*******************************************************************
******        Transfer Mode = 0  I.E.  As Is       ******
******        Transferring Shape, ShapeType = 2                      ******
** WorkSession : Sending all data
 Step File Name : C:\Users\YU\AppData\Local\Temp\brep_step_1785057283507477_39048.step(678 ents)  Write  Done

*******************************************************************
******        Statistics on Transfer (Write)                 ******

*******************************************************************
******        Transfer Mode = 0  I.E.  As Is       ******
******        Transferring Shape, ShapeType = 2                      ******
** WorkSession : Sending all data
 Step File Name : C:\Users\YU\AppData\Local\Temp\brep_step_1785057285786645_39048.step(608 ents)  Write  Done
Warning: 3 faces have been skipped due to null triangulation
Error during reconstruction: StdFail_NotDoneBRep_API: command not done raised from method Wire of class BRepBuilderAPI_MakeWire

*******************************************************************
******        Statistics on Transfer (Write)                 ******

*******************************************************************
******        Transfer Mode = 0  I.E.  As Is       ******
******        Transferring Shape, ShapeType = 2                      ******
** WorkSession : Sending all data
 Step File Name : C:\Users\YU\AppData\Local\Temp\brep_step_1785057292458762_39048.step(396 ents)  Write  Done

=== Generation Summary ===
total_attempts : 10
saved_count    : 4 (both STL and STEP saved successfully)
