C:\Users\YU\.conda\envs\brepgen_env\lib\site-packages\torch\nn\modules\module.py:1150: UserWarning: expandable_segments not supported on this platform (Triggered internally at C:\actions-runner\_work\pytorch\pytorch\builder\windows\pytorch\c10/cuda/CUDAAllocatorConfig.h:30.)
  return t.to(device, dtype if t.is_floating_point() or t.is_complex() else None, non_blocking)
C:\Users\YU\.conda\envs\brepgen_env\lib\site-packages\diffusers\models\attention_processor.py:1279: UserWarning: 1Torch was not compiled with flash attention. (Triggered internally at C:\actions-runner\_work\pytorch\pytorch\builder\windows\pytorch\aten\src\ATen\native\transformers\cuda\sdp_utils.cpp:263.)
  hidden_states = F.scaled_dot_product_attention(
Generating BREP files:   0%|          | 0/4 [00:00<?, ?item/s]Traceback (most recent call last):
  File "D:\luolin\V13\BrepARG\utils.py", line 1082, in reconstruct_cad_from_sequence
    solid = construct_brep(surf_wcs, edge_wcs, FaceEdgeAdj, EdgeVertexAdj)
  File "D:\luolin\V13\BrepARG\utils.py", line 1524, in construct_brep
    outer_wire = wire_builder.Wire()
  File "C:\Users\YU\.conda\envs\brepgen_env\lib\site-packages\OCC\Core\BRepBuilderAPI.py", line 4253, in Wire
    return _BRepBuilderAPI.BRepBuilderAPI_MakeWire_Wire(self, *args)
RuntimeError: StdFail_NotDoneBRep_API: command not done raised from method Wire of class BRepBuilderAPI_MakeWire
Generating BREP files (saved:0, attempts:1):   0%|          | 0/4 [00:05<?, ?item/s]Traceback (most recent call last):
  File "D:\luolin\V13\BrepARG\utils.py", line 1082, in reconstruct_cad_from_sequence
    solid = construct_brep(surf_wcs, edge_wcs, FaceEdgeAdj, EdgeVertexAdj)
  File "D:\luolin\V13\BrepARG\utils.py", line 1532, in construct_brep
    inner_wires.append(wire_builder.Wire())
  File "C:\Users\YU\.conda\envs\brepgen_env\lib\site-packages\OCC\Core\BRepBuilderAPI.py", line 4253, in Wire
    return _BRepBuilderAPI.BRepBuilderAPI_MakeWire_Wire(self, *args)
RuntimeError: StdFail_NotDoneBRep_API: command not done raised from method Wire of class BRepBuilderAPI_MakeWire
Generating BREP files (saved:0, attempts:2):   0%|          | 0/4 [00:12<?, ?item/s]Traceback (most recent call last):
  File "D:\luolin\V13\BrepARG\utils.py", line 1082, in reconstruct_cad_from_sequence
    solid = construct_brep(surf_wcs, edge_wcs, FaceEdgeAdj, EdgeVertexAdj)
  File "D:\luolin\V13\BrepARG\utils.py", line 1557, in construct_brep
    maker.Add(sewn_shell)
  File "C:\Users\YU\.conda\envs\brepgen_env\lib\site-packages\OCC\Core\BRepBuilderAPI.py", line 4003, in Add
    return _BRepBuilderAPI.BRepBuilderAPI_MakeSolid_Add(self, *args)
TypeError: in method 'BRepBuilderAPI_MakeSolid_Add', argument 2 of type 'TopoDS_Shell const &'
Generating BREP files (saved:0, attempts:3):   0%|          | 0/4 [00:14<?, ?item/s]Generating BREP files (saved:0, attempts:3):  25%|██▌       | 1/4 [00:16<00:50, 16.88s/item]Generating BREP files (saved:1, attempts:4):  25%|██▌       | 1/4 [00:16<00:50, 16.88s/item]Traceback (most recent call last):
  File "D:\luolin\V13\BrepARG\utils.py", line 1082, in reconstruct_cad_from_sequence
    solid = construct_brep(surf_wcs, edge_wcs, FaceEdgeAdj, EdgeVertexAdj)
  File "D:\luolin\V13\BrepARG\utils.py", line 1532, in construct_brep
    inner_wires.append(wire_builder.Wire())
  File "C:\Users\YU\.conda\envs\brepgen_env\lib\site-packages\OCC\Core\BRepBuilderAPI.py", line 4253, in Wire
    return _BRepBuilderAPI.BRepBuilderAPI_MakeWire_Wire(self, *args)
RuntimeError: StdFail_NotDoneBRep_API: command not done raised from method Wire of class BRepBuilderAPI_MakeWire
Generating BREP files (saved:1, attempts:5):  25%|██▌       | 1/4 [00:19<00:50, 16.88s/item]Generating BREP files (saved:1, attempts:5):  50%|█████     | 2/4 [00:22<00:20, 10.21s/item]Generating BREP files (saved:2, attempts:6):  50%|█████     | 2/4 [00:22<00:20, 10.21s/item]Generating BREP files (saved:2, attempts:6):  75%|███████▌  | 3/4 [00:24<00:06,  6.64s/item]Generating BREP files (saved:3, attempts:7):  75%|███████▌  | 3/4 [00:24<00:06,  6.64s/item]Generating BREP files (saved:3, attempts:7): 100%|██████████| 4/4 [00:26<00:00,  4.53s/item]Generating BREP files (saved:4, attempts:8): 100%|██████████| 4/4 [00:26<00:00,  4.53s/item]Generating BREP files (saved:4, attempts:8): 100%|██████████| 4/4 [00:26<00:00,  6.53s/item]
