C:\Users\YU\.conda\envs\brepgen_env\lib\site-packages\torch\nn\modules\module.py:1150: UserWarning: expandable_segments not supported on this platform (Triggered internally at C:\actions-runner\_work\pytorch\pytorch\builder\windows\pytorch\c10/cuda/CUDAAllocatorConfig.h:30.)
  return t.to(device, dtype if t.is_floating_point() or t.is_complex() else None, non_blocking)
C:\Users\YU\.conda\envs\brepgen_env\lib\site-packages\diffusers\models\attention_processor.py:1279: UserWarning: 1Torch was not compiled with flash attention. (Triggered internally at C:\actions-runner\_work\pytorch\pytorch\builder\windows\pytorch\aten\src\ATen\native\transformers\cuda\sdp_utils.cpp:263.)
  hidden_states = F.scaled_dot_product_attention(
Generating BREP files:   0%|          | 0/4 [00:00<?, ?item/s]Traceback (most recent call last):
  File "D:\luolin\V13\BrepARG\utils.py", line 1082, in reconstruct_cad_from_sequence
    solid = construct_brep(surf_wcs, edge_wcs, FaceEdgeAdj, EdgeVertexAdj)
  File "D:\luolin\V13\BrepARG\utils.py", line 1524, in construct_brep
    outer_wire = wire_builder.Wire()
  File "C:\Users\YU\.conda\envs\brepgen_env\lib\site-packages\OCC\Core\BRepBuilderAPI.py", line 4253, in Wire
    return _BRepBuilderAPI.BRepBuilderAPI_MakeWire_Wire(self, *args)
RuntimeError: StdFail_NotDoneBRep_API: command not done raised from method Wire of class BRepBuilderAPI_MakeWire
Generating BREP files (saved:0, attempts:1):   0%|          | 0/4 [00:02<?, ?item/s]Generating BREP files (saved:0, attempts:1):  25%|██▌       | 1/4 [00:10<00:30, 10.06s/item]Generating BREP files (saved:1, attempts:2):  25%|██▌       | 1/4 [00:10<00:30, 10.06s/item]Generating BREP files (saved:1, attempts:2):  50%|█████     | 2/4 [00:17<00:17,  8.58s/item]Generating BREP files (saved:2, attempts:3):  50%|█████     | 2/4 [00:17<00:17,  8.58s/item]Traceback (most recent call last):
  File "D:\luolin\V13\BrepARG\utils.py", line 1082, in reconstruct_cad_from_sequence
    solid = construct_brep(surf_wcs, edge_wcs, FaceEdgeAdj, EdgeVertexAdj)
  File "D:\luolin\V13\BrepARG\utils.py", line 1524, in construct_brep
    outer_wire = wire_builder.Wire()
  File "C:\Users\YU\.conda\envs\brepgen_env\lib\site-packages\OCC\Core\BRepBuilderAPI.py", line 4253, in Wire
    return _BRepBuilderAPI.BRepBuilderAPI_MakeWire_Wire(self, *args)
RuntimeError: StdFail_NotDoneBRep_API: command not done raised from method Wire of class BRepBuilderAPI_MakeWire
Generating BREP files (saved:2, attempts:4):  50%|█████     | 2/4 [00:23<00:17,  8.58s/item]Generating BREP files (saved:2, attempts:4):  75%|███████▌  | 3/4 [00:25<00:08,  8.17s/item]Generating BREP files (saved:3, attempts:5):  75%|███████▌  | 3/4 [00:25<00:08,  8.17s/item]Traceback (most recent call last):
  File "D:\luolin\V13\BrepARG\utils.py", line 1082, in reconstruct_cad_from_sequence
    solid = construct_brep(surf_wcs, edge_wcs, FaceEdgeAdj, EdgeVertexAdj)
  File "D:\luolin\V13\BrepARG\utils.py", line 1517, in construct_brep
    out_idx = np.argmax(np.array(bbox_spans))
  File "C:\Users\YU\.conda\envs\brepgen_env\lib\site-packages\numpy\core\fromnumeric.py", line 1229, in argmax
    return _wrapfunc(a, 'argmax', axis=axis, out=out, **kwds)
  File "C:\Users\YU\.conda\envs\brepgen_env\lib\site-packages\numpy\core\fromnumeric.py", line 59, in _wrapfunc
    return bound(*args, **kwds)
ValueError: attempt to get argmax of an empty sequence
Generating BREP files (saved:3, attempts:6):  75%|███████▌  | 3/4 [00:28<00:08,  8.17s/item]Traceback (most recent call last):
  File "D:\luolin\V13\BrepARG\utils.py", line 1082, in reconstruct_cad_from_sequence
    solid = construct_brep(surf_wcs, edge_wcs, FaceEdgeAdj, EdgeVertexAdj)
  File "D:\luolin\V13\BrepARG\utils.py", line 1524, in construct_brep
    outer_wire = wire_builder.Wire()
  File "C:\Users\YU\.conda\envs\brepgen_env\lib\site-packages\OCC\Core\BRepBuilderAPI.py", line 4253, in Wire
    return _BRepBuilderAPI.BRepBuilderAPI_MakeWire_Wire(self, *args)
RuntimeError: StdFail_NotDoneBRep_API: command not done raised from method Wire of class BRepBuilderAPI_MakeWire
Generating BREP files (saved:3, attempts:7):  75%|███████▌  | 3/4 [00:34<00:08,  8.17s/item]Generating BREP files (saved:3, attempts:7): 100%|██████████| 4/4 [00:38<00:00,  9.99s/item]Generating BREP files (saved:4, attempts:8): 100%|██████████| 4/4 [00:38<00:00,  9.99s/item]Generating BREP files (saved:4, attempts:8): 100%|██████████| 4/4 [00:38<00:00,  9.52s/item]
