[00:29:39] ===== STAGE vqsweep =====
[00:29:39] VQSWEEP: FSQ-VQVAE 超参对比(短训选最优)
[00:36:40]   sweep 数据: train=300000 val=12000  (短训 15 ep)
[00:41:34]   fsq_8192_4d ep   0 train=0.05906 val=0.00754 best=0.00754 finite_train=2344/2344 finite_val=94/94
[01:30:18]   fsq_8192_4d ep  10 train=0.00129 val=0.00120 best=0.00120 finite_train=2344/2344 finite_val=94/94
[02:17:47]   fsq_8192_4d ep  20 train=0.00088 val=inf best=0.00092 finite_train=1684/2344 finite_val=59/94
[02:37:52]   fsq_8192_4d ep  30 train=0.00074 val=inf best=0.00092 finite_train=4/2344 finite_val=1/94
[02:54:25]   fsq_8192_4d ep  40 train=0.00060 val=inf best=0.00092 finite_train=6/2344 finite_val=0/94
[03:10:46]   fsq_8192_4d ep  50 train=0.00079 val=inf best=0.00092 finite_train=7/2344 finite_val=1/94
[03:27:02]   fsq_8192_4d ep  60 train=inf val=inf best=0.00092 finite_train=0/2344 finite_val=0/94
[03:43:16]   fsq_8192_4d ep  70 train=0.00077 val=inf best=0.00092 finite_train=1/2344 finite_val=0/94
[03:59:31]   fsq_8192_4d ep  80 train=0.00072 val=inf best=0.00092 finite_train=1/2344 finite_val=0/94
[04:15:48]   fsq_8192_4d ep  90 train=0.00073 val=inf best=0.00092 finite_train=7/2344 finite_val=1/94
[04:30:33]   fsq_8192_4d ep  99 train=0.00070 val=inf best=0.00092 finite_train=6/2344 finite_val=0/94
[04:30:33]   fsq_8192_4d early stop at ep 99: nonfinite_val_epochs=82 best=0.00092 best_epoch=17
[04:30:33]   -> fsq_8192_4d: best_val_recon=0.00092
[04:35:25]   fsq_4096_6d ep   0 train=0.03954 val=0.01084 best=0.01084 finite_train=2344/2344 finite_val=94/94
[05:24:07]   fsq_4096_6d ep  10 train=0.00188 val=0.00167 best=0.00167 finite_train=2344/2344 finite_val=94/94
[05:53:25]   fsq_4096_6d ep  20 train=0.00146 val=inf best=0.00155 finite_train=43/2344 finite_val=4/94
[06:09:47]   fsq_4096_6d ep  30 train=0.00154 val=inf best=0.00155 finite_train=9/2344 finite_val=1/94
[06:26:07]   fsq_4096_6d ep  40 train=inf val=inf best=0.00155 finite_train=0/2344 finite_val=0/94
[06:42:20]   fsq_4096_6d ep  50 train=inf val=inf best=0.00155 finite_train=0/2344 finite_val=0/94
[06:58:32]   fsq_4096_6d ep  60 train=inf val=inf best=0.00155 finite_train=0/2344 finite_val=0/94
[07:14:44]   fsq_4096_6d ep  70 train=inf val=inf best=0.00155 finite_train=0/2344 finite_val=0/94
[07:30:56]   fsq_4096_6d ep  80 train=0.00158 val=inf best=0.00155 finite_train=2/2344 finite_val=0/94
[07:47:08]   fsq_4096_6d ep  90 train=inf val=inf best=0.00155 finite_train=0/2344 finite_val=0/94
[08:01:43]   fsq_4096_6d ep  99 train=0.00120 val=inf best=0.00155 finite_train=1/2344 finite_val=0/94
[08:01:43]   fsq_4096_6d early stop at ep 99: nonfinite_val_epochs=88 best=0.00155 best_epoch=11
[08:01:43]   -> fsq_4096_6d: best_val_recon=0.00155
[08:06:40]   vq_4096_64d_random ep   0 train=0.20955 val=0.01758 best=0.01758 finite_train=2344/2344 finite_val=94/94
[08:48:09]   vq_4096_64d_random ep  10 train=inf val=inf best=0.00154 finite_train=0/2344 finite_val=0/94
[09:04:49]   vq_4096_64d_random ep  20 train=inf val=inf best=0.00154 finite_train=0/2344 finite_val=0/94
[09:21:31]   vq_4096_64d_random ep  30 train=inf val=inf best=0.00154 finite_train=0/2344 finite_val=0/94
[09:38:11]   vq_4096_64d_random ep  40 train=inf val=inf best=0.00154 finite_train=0/2344 finite_val=0/94
[09:54:51]   vq_4096_64d_random ep  50 train=inf val=inf best=0.00154 finite_train=0/2344 finite_val=0/94
[10:11:34]   vq_4096_64d_random ep  60 train=inf val=inf best=0.00154 finite_train=0/2344 finite_val=0/94
[10:28:16]   vq_4096_64d_random ep  70 train=inf val=inf best=0.00154 finite_train=0/2344 finite_val=0/94
[10:44:58]   vq_4096_64d_random ep  80 train=inf val=inf best=0.00154 finite_train=0/2344 finite_val=0/94
[11:01:41]   vq_4096_64d_random ep  90 train=inf val=inf best=0.00154 finite_train=0/2344 finite_val=0/94
[11:16:44]   vq_4096_64d_random ep  99 train=inf val=inf best=0.00154 finite_train=0/2344 finite_val=0/94
[11:16:44]   vq_4096_64d_random early stop at ep 99: nonfinite_val_epochs=92 best=0.00154 best_epoch=7
[11:16:44]   -> vq_4096_64d_random: best_val_recon=0.00154
[11:21:35]   continuous_bypass_64d ep   0 train=0.05907 val=0.02195 best=0.02195 finite_train=2344/2344 finite_val=94/94
[12:10:02]   continuous_bypass_64d ep  10 train=0.00049 val=0.00044 best=0.00044 finite_train=2344/2344 finite_val=94/94
[12:58:29]   continuous_bypass_64d ep  20 train=0.00037 val=0.00050 best=0.00037 finite_train=2344/2344 finite_val=94/94
[13:32:17]   continuous_bypass_64d ep  30 train=0.00026 val=inf best=0.00034 finite_train=116/2344 finite_val=3/94
[13:48:24]   continuous_bypass_64d ep  40 train=0.00007 val=inf best=0.00034 finite_train=8/2344 finite_val=1/94
[14:04:28]   continuous_bypass_64d ep  50 train=0.00006 val=inf best=0.00034 finite_train=9/2344 finite_val=1/94
[14:20:32]   continuous_bypass_64d ep  60 train=0.00008 val=inf best=0.00034 finite_train=5/2344 finite_val=2/94
[14:36:33]   continuous_bypass_64d ep  70 train=0.00006 val=inf best=0.00034 finite_train=8/2344 finite_val=1/94
[14:52:37]   continuous_bypass_64d ep  80 train=0.00039 val=inf best=0.00034 finite_train=2/2344 finite_val=1/94
[15:08:38]   continuous_bypass_64d ep  90 train=0.00006 val=inf best=0.00034 finite_train=4/2344 finite_val=1/94
[15:23:03]   continuous_bypass_64d ep  99 train=0.00010 val=inf best=0.00034 finite_train=6/2344 finite_val=1/94
[15:23:03]   continuous_bypass_64d early stop at ep 99: nonfinite_val_epochs=76 best=0.00034 best_epoch=22
[15:23:03]   -> continuous_bypass_64d: best_val_recon=0.00034
[15:23:03]   NO PROMOTED ARM: MSE ranking is diagnostic only
[15:23:03] DONE {'vqsweep': 'PASS'} in 893.4min
