Staging same-data BrepARG inputs to D: D:\V13_rootcause_recovery_20260717\breparg_same_data_fallback\data_staged

-------------------------------------------------------------------------------
   ROBOCOPY     ::     Windows 的可靠文件复制                              
-------------------------------------------------------------------------------

  开始时间: 2026年7月18日 16:26:43
        源 = E:\V13_rootcause_20260715\complex_curved_rootcause_suite_20260715\experiments\03b_breparg_same_data_training_fallback\data\parsed_pool\
      目标 : D:\V13_rootcause_recovery_20260717\breparg_same_data_fallback\data_staged\parsed_pool\

      文件: *.*
	    
      选项: *.* /FFT /S /E /DCOPY:DA /COPY:DAT /J /NP /MT:16 /R:2 /W:2 

------------------------------------------------------------------------------


------------------------------------------------------------------------------

                  总数        复制        跳过       不匹配        失败        其他
       目录:        19        19        19         0         0         0
       文件:     12000         0     12000         0         0         0
       字节:   5.270 g         0   5.270 g         0         0         0
       时间:   0:00:00   0:00:00                       0:00:00   0:00:00
   已结束: 2026年7月18日 16:26:43

{
  "source_data": "E:\\V13_rootcause_20260715\\complex_curved_rootcause_suite_20260715\\experiments\\03b_breparg_same_data_training_fallback\\data",
  "staged_data": "D:\\V13_rootcause_recovery_20260717\\breparg_same_data_fallback\\data_staged",
  "split": "D:\\V13_rootcause_recovery_20260717\\breparg_same_data_fallback\\data_staged\\same_data_split.pkl",
  "counts": {
    "train": 10000,
    "val": 1000,
    "test": 1000
  },
  "deduplicated_surface_source": "D:\\V13_rootcause_recovery_20260717\\breparg_same_data_fallback\\data_staged\\deduplicated_surface_source.pkl",
  "deduplicated_edge_source": "D:\\V13_rootcause_recovery_20260717\\breparg_same_data_fallback\\data_staged\\deduplicated_edge_source.pkl"
}
Using existing BrepARG VQ-VAE weight: D:\V13_rootcause_recovery_20260717\breparg_same_data_fallback\vqvae_3060_safe_len1536_bs4_20260717_d\train_vqvae.log
Building BrepARG same-data sequences: D:\V13_rootcause_recovery_20260717\breparg_same_data_fallback\sequence_3060_safe_len1536_bs4_20260717_d\breparg_same_data_sequences.pkl
Running: C:\Users\YU\.conda\envs\brepgen_env\python.exe BrepARG\2sequence.py --data_list D:\V13_rootcause_recovery_20260717\breparg_same_data_fallback\data_staged\same_data_split.pkl --output_file D:\V13_rootcause_recovery_20260717\breparg_same_data_fallback\sequence_3060_safe_len1536_bs4_20260717_d\breparg_same_data_sequences.pkl --vqvae_se_weight D:\V13_rootcause_recovery_20260717\breparg_same_data_fallback\vqvae_3060_safe_len1536_bs4_20260717_d\train_vqvae.log --dataset_type abc --max_face 50 --max_edge 150 --scale 1.0 --aug true --gpu 0
  stdout: D:\V13_rootcause_recovery_20260717\breparg_same_data_fallback\sequence_3060_safe_len1536_bs4_20260717_d\build_sequence.log
  stderr: D:\V13_rootcause_recovery_20260717\breparg_same_data_fallback\sequence_3060_safe_len1536_bs4_20260717_d\build_sequence.log.err
Command failed with exit code 1. Recent stdout:
Failed to load VQ-VAE: invalid load key, '\xff'.
Using placeholder tokens instead
Recent stderr:
Traceback (most recent call last):
  File "D:\luolin\V13\BrepARG\2sequence.py", line 561, in <module>
    main()
  File "D:\luolin\V13\BrepARG\2sequence.py", line 519, in main
    processor = ARDataPreprocessor(args.data_list, se_vqvae_model, args)
  File "D:\luolin\V13\BrepARG\2sequence.py", line 209, in __init__
    self.device = next(se_vqvae_model.parameters()).device
AttributeError: 'NoneType' object has no attribute 'parameters'
