Using GPU: cuda:0
=== Initializing CAD generation pipeline ===
1. Loading configuration...
   Using config file: BrepARG\config.json
2. Loading model configuration...
Successfully loaded and calculated model config for dataset type: abc
Vocab size: 10294
Special tokens: START=10290, SEP=10291, END=10292, PAD=10293
3. Loading autoregressive model...
Successfully loaded checkpoint: D:\V13_rootcause_recovery_20260717\breparg_same_data_fallback\ar_3060_safe_len1536_bs4_20260717_d\same_data_abc\abc_ar_vqvae_best_model.pt
Initialized ARModel with vocab_size=10294, d_model=256, layers=8, heads=8, max_seq_len=1536
Model weights loaded successfully
4. Loading SE VQ-VAE model...
Detected SE tokens per element: 4
Initialization complete
Error during reconstruction: StdFail_NotDoneBRep_API: command not done raised from method Wire of class BRepBuilderAPI_MakeWire

*******************************************************************
******        Statistics on Transfer (Write)                 ******

*******************************************************************
******        Transfer Mode = 0  I.E.  As Is       ******
******        Transferring Shape, ShapeType = 2                      ******
** WorkSession : Sending all data
 Step File Name : C:\Users\YU\AppData\Local\Temp\brep_step_1784526391297301_25272.step(492 ents)  Write  Done
Warning: Derived unique face ID count (36) does not match actual decoded face count (35).
Error during reconstruction: StdFail_NotDoneBRep_API: command not done raised from method Wire of class BRepBuilderAPI_MakeWire

*******************************************************************
******        Statistics on Transfer (Write)                 ******

*******************************************************************
******        Transfer Mode = 0  I.E.  As Is       ******
******        Transferring Shape, ShapeType = 2                      ******
** WorkSession : Sending all data
 Step File Name : C:\Users\YU\AppData\Local\Temp\brep_step_1784526407927882_25272.step(322 ents)  Write  Done

=== Generation Summary ===
total_attempts : 4
saved_count    : 2 (both STL and STEP saved successfully)
