C:\Users\YU\.conda\envs\brepgen_env\lib\site-packages\torch\nn\modules\module.py:1150: UserWarning: expandable_segments not supported on this platform (Triggered internally at C:\actions-runner\_work\pytorch\pytorch\builder\windows\pytorch\c10/cuda/CUDAAllocatorConfig.h:30.)
  return t.to(device, dtype if t.is_floating_point() or t.is_complex() else None, non_blocking)
C:\Users\YU\.conda\envs\brepgen_env\lib\site-packages\diffusers\models\attention_processor.py:1279: UserWarning: 1Torch was not compiled with flash attention. (Triggered internally at C:\actions-runner\_work\pytorch\pytorch\builder\windows\pytorch\aten\src\ATen\native\transformers\cuda\sdp_utils.cpp:263.)
  hidden_states = F.scaled_dot_product_attention(
Generating BREP files:   0%|          | 0/2 [00:00<?, ?item/s]Traceback (most recent call last):
  File "D:\luolin\V13\BrepARG\utils.py", line 1078, in reconstruct_cad_from_sequence
    solid = construct_brep(surf_wcs, edge_wcs, FaceEdgeAdj, EdgeVertexAdj)
  File "D:\luolin\V13\BrepARG\utils.py", line 1520, in construct_brep
    outer_wire = wire_builder.Wire()
  File "C:\Users\YU\.conda\envs\brepgen_env\lib\site-packages\OCC\Core\BRepBuilderAPI.py", line 4253, in Wire
    return _BRepBuilderAPI.BRepBuilderAPI_MakeWire_Wire(self, *args)
RuntimeError: StdFail_NotDoneBRep_API: command not done raised from method Wire of class BRepBuilderAPI_MakeWire
Generating BREP files (saved:0, attempts:1):   0%|          | 0/2 [00:05<?, ?item/s]Generating BREP files (saved:0, attempts:1):  50%|█████     | 1/2 [00:06<00:06,  6.46s/item]Generating BREP files (saved:1, attempts:2):  50%|█████     | 1/2 [00:06<00:06,  6.46s/item]Traceback (most recent call last):
  File "D:\luolin\V13\BrepARG\utils.py", line 1078, in reconstruct_cad_from_sequence
    solid = construct_brep(surf_wcs, edge_wcs, FaceEdgeAdj, EdgeVertexAdj)
  File "D:\luolin\V13\BrepARG\utils.py", line 1520, in construct_brep
    outer_wire = wire_builder.Wire()
  File "C:\Users\YU\.conda\envs\brepgen_env\lib\site-packages\OCC\Core\BRepBuilderAPI.py", line 4253, in Wire
    return _BRepBuilderAPI.BRepBuilderAPI_MakeWire_Wire(self, *args)
RuntimeError: StdFail_NotDoneBRep_API: command not done raised from method Wire of class BRepBuilderAPI_MakeWire
Generating BREP files (saved:1, attempts:3):  50%|█████     | 1/2 [00:21<00:06,  6.46s/item]Generating BREP files (saved:1, attempts:3): 100%|██████████| 2/2 [00:23<00:00, 12.44s/item]Generating BREP files (saved:2, attempts:4): 100%|██████████| 2/2 [00:23<00:00, 12.44s/item]Generating BREP files (saved:2, attempts:4): 100%|██████████| 2/2 [00:23<00:00, 11.54s/item]
